
> simulador-educacional@0.1.1 build
> vite build

vite v3.2.10 building for production...
transforming...
DEPRECATION WARNING [legacy-js-api]: The legacy JS API is deprecated and will be removed in Dart Sass 2.0.0.

More info: https://sass-lang.com/d/legacy-js-api

DEPRECATION WARNING [legacy-js-api]: The legacy JS API is deprecated and will be removed in Dart Sass 2.0.0.

More info: https://sass-lang.com/d/legacy-js-api

DEPRECATION WARNING [legacy-js-api]: The legacy JS API is deprecated and will be removed in Dart Sass 2.0.0.

More info: https://sass-lang.com/d/legacy-js-api

DEPRECATION WARNING [legacy-js-api]: The legacy JS API is deprecated and will be removed in Dart Sass 2.0.0.

More info: https://sass-lang.com/d/legacy-js-api

DEPRECATION WARNING [legacy-js-api]: The legacy JS API is deprecated and will be removed in Dart Sass 2.0.0.

More info: https://sass-lang.com/d/legacy-js-api

Module level directives cause errors when bundled, 'use babel' was ignored.
DEPRECATION WARNING [legacy-js-api]: The legacy JS API is deprecated and will be removed in Dart Sass 2.0.0.

More info: https://sass-lang.com/d/legacy-js-api

✓ 174 modules transformed.
[vite-plugin-pwa:build] /home/erick/Projetos/win11React/src/containers/applications/apps/typing/typing.jsx: Expected corresponding JSX closing tag for <div>. (774:12)

  772 |             >
  773 |               Lições
> 774 |             </button>
      |             ^
  775 |               className={`px-4 py-2 text-sm font-bold rounded-lg transition-colors ${
  776 |                 view === "ranking"
  777 |                   ? "bg-[#ffcc02] text-black"
file: /home/erick/Projetos/win11React/src/containers/applications/apps/typing/typing.jsx:774:12
error during build:
SyntaxError: /home/erick/Projetos/win11React/src/containers/applications/apps/typing/typing.jsx: Expected corresponding JSX closing tag for <div>. (774:12)

  772 |             >
  773 |               Lições
> 774 |             </button>
      |             ^
  775 |               className={`px-4 py-2 text-sm font-bold rounded-lg transition-colors ${
  776 |                 view === "ranking"
  777 |                   ? "bg-[#ffcc02] text-black"
    at constructor (/home/erick/Projetos/win11React/node_modules/@babel/parser/lib/index.js:365:19)
    at JSXParserMixin.raise (/home/erick/Projetos/win11React/node_modules/@babel/parser/lib/index.js:6616:19)
    at JSXParserMixin.jsxParseElementAt (/home/erick/Projetos/win11React/node_modules/@babel/parser/lib/index.js:4739:16)
    at JSXParserMixin.jsxParseElementAt (/home/erick/Projetos/win11React/node_modules/@babel/parser/lib/index.js:4710:32)
    at JSXParserMixin.jsxParseElement (/home/erick/Projetos/win11React/node_modules/@babel/parser/lib/index.js:4761:17)
    at JSXParserMixin.parseExprAtom (/home/erick/Projetos/win11React/node_modules/@babel/parser/lib/index.js:4771:19)
    at JSXParserMixin.parseExprSubscripts (/home/erick/Projetos/win11React/node_modules/@babel/parser/lib/index.js:11098:23)
    at JSXParserMixin.parseUpdate (/home/erick/Projetos/win11React/node_modules/@babel/parser/lib/index.js:11083:21)
    at JSXParserMixin.parseMaybeUnary (/home/erick/Projetos/win11React/node_modules/@babel/parser/lib/index.js:11063:23)
    at JSXParserMixin.parseMaybeUnaryOrPrivate (/home/erick/Projetos/win11React/node_modules/@babel/parser/lib/index.js:10916:61)
    at JSXParserMixin.parseExprOps (/home/erick/Projetos/win11React/node_modules/@babel/parser/lib/index.js:10921:23)
    at JSXParserMixin.parseMaybeConditional (/home/erick/Projetos/win11React/node_modules/@babel/parser/lib/index.js:10898:23)
    at JSXParserMixin.parseMaybeAssign (/home/erick/Projetos/win11React/node_modules/@babel/parser/lib/index.js:10848:21)
    at JSXParserMixin.parseExpressionBase (/home/erick/Projetos/win11React/node_modules/@babel/parser/lib/index.js:10801:23)
    at /home/erick/Projetos/win11React/node_modules/@babel/parser/lib/index.js:10797:39
    at JSXParserMixin.allowInAnd (/home/erick/Projetos/win11React/node_modules/@babel/parser/lib/index.js:12443:12)
    at JSXParserMixin.parseExpression (/home/erick/Projetos/win11React/node_modules/@babel/parser/lib/index.js:10797:17)
    at JSXParserMixin.jsxParseExpressionContainer (/home/erick/Projetos/win11React/node_modules/@babel/parser/lib/index.js:4644:31)
    at JSXParserMixin.jsxParseAttributeValue (/home/erick/Projetos/win11React/node_modules/@babel/parser/lib/index.js:4616:21)
    at JSXParserMixin.jsxParseAttribute (/home/erick/Projetos/win11React/node_modules/@babel/parser/lib/index.js:4665:38)
    at JSXParserMixin.jsxParseOpeningElementAfterName (/home/erick/Projetos/win11React/node_modules/@babel/parser/lib/index.js:4679:28)
    at JSXParserMixin.jsxParseOpeningElementAt (/home/erick/Projetos/win11React/node_modules/@babel/parser/lib/index.js:4674:17)
    at JSXParserMixin.jsxParseElementAt (/home/erick/Projetos/win11React/node_modules/@babel/parser/lib/index.js:4698:33)
    at JSXParserMixin.jsxParseElement (/home/erick/Projetos/win11React/node_modules/@babel/parser/lib/index.js:4761:17)
    at JSXParserMixin.parseExprAtom (/home/erick/Projetos/win11React/node_modules/@babel/parser/lib/index.js:4771:19)
    at JSXParserMixin.parseExprSubscripts (/home/erick/Projetos/win11React/node_modules/@babel/parser/lib/index.js:11098:23)
    at JSXParserMixin.parseUpdate (/home/erick/Projetos/win11React/node_modules/@babel/parser/lib/index.js:11083:21)
    at JSXParserMixin.parseMaybeUnary (/home/erick/Projetos/win11React/node_modules/@babel/parser/lib/index.js:11063:23)
    at JSXParserMixin.parseMaybeUnaryOrPrivate (/home/erick/Projetos/win11React/node_modules/@babel/parser/lib/index.js:10916:61)
    at JSXParserMixin.parseExprOps (/home/erick/Projetos/win11React/node_modules/@babel/parser/lib/index.js:10921:23)
    at JSXParserMixin.parseMaybeConditional (/home/erick/Projetos/win11React/node_modules/@babel/parser/lib/index.js:10898:23)
    at JSXParserMixin.parseMaybeAssign (/home/erick/Projetos/win11React/node_modules/@babel/parser/lib/index.js:10848:21)
    at /home/erick/Projetos/win11React/node_modules/@babel/parser/lib/index.js:10817:39
    at JSXParserMixin.allowInAnd (/home/erick/Projetos/win11React/node_modules/@babel/parser/lib/index.js:12443:12)
    at JSXParserMixin.parseMaybeAssignAllowIn (/home/erick/Projetos/win11React/node_modules/@babel/parser/lib/index.js:10817:17)
    at JSXParserMixin.parseMaybeAssignAllowInOrVoidPattern (/home/erick/Projetos/win11React/node_modules/@babel/parser/lib/index.js:12510:17)
    at JSXParserMixin.parseParenAndDistinguishExpression (/home/erick/Projetos/win11React/node_modules/@babel/parser/lib/index.js:11692:28)
    at JSXParserMixin.parseExprAtom (/home/erick/Projetos/win11React/node_modules/@babel/parser/lib/index.js:11348:23)
    at JSXParserMixin.parseExprAtom (/home/erick/Projetos/win11React/node_modules/@babel/parser/lib/index.js:4776:20)
    at JSXParserMixin.parseExprSubscripts (/home/erick/Projetos/win11React/node_modules/@babel/parser/lib/index.js:11098:23)
    at JSXParserMixin.parseUpdate (/home/erick/Projetos/win11React/node_modules/@babel/parser/lib/index.js:11083:21)
    at JSXParserMixin.parseMaybeUnary (/home/erick/Projetos/win11React/node_modules/@babel/parser/lib/index.js:11063:23)
    at JSXParserMixin.parseMaybeUnaryOrPrivate (/home/erick/Projetos/win11React/node_modules/@babel/parser/lib/index.js:10916:61)
    at JSXParserMixin.parseExprOps (/home/erick/Projetos/win11React/node_modules/@babel/parser/lib/index.js:10921:23)
    at JSXParserMixin.parseMaybeConditional (/home/erick/Projetos/win11React/node_modules/@babel/parser/lib/index.js:10898:23)
    at JSXParserMixin.parseMaybeAssign (/home/erick/Projetos/win11React/node_modules/@babel/parser/lib/index.js:10848:21)
    at JSXParserMixin.parseExpressionBase (/home/erick/Projetos/win11React/node_modules/@babel/parser/lib/index.js:10801:23)
    at /home/erick/Projetos/win11React/node_modules/@babel/parser/lib/index.js:10797:39
    at JSXParserMixin.allowInAnd (/home/erick/Projetos/win11React/node_modules/@babel/parser/lib/index.js:12438:16)
    at JSXParserMixin.parseExpression (/home/erick/Projetos/win11React/node_modules/@babel/parser/lib/index.js:10797:17)
